marcel@marcel-ubuntu:~/Code/camper_controller$ export IDF_PATH='/home/marcel/esp/v5.1/esp-idf'
marcel@marcel-ubuntu:~/Code/camper_controller$ '/home/marcel/.espressif/python_env/idf5.1_py3.10_env/bin/python' '/home/marcel/esp/v5.1/esp-idf/tools/idf_monitor.py' -p /dev/ttyUSB0 -b 115200 --toolchain-prefix xtensa-esp32-elf- --target esp32 '/home/marcel/Code/camper_controller/build/camper_controller.elf'
--- esp-idf-monitor 1.4.0 on /dev/ttyUSB0 115200 ---
--- Quit: Ctrl+] | Menu: Ctrl+T | Help: Ctrl+T followed by Ctrl+H ---
&���238 len 0002BDC8 (175 KiB): DRAM
I (390)�I (13) boot: ESP-IDF v5.1.4-545-gcd4714dd01 2nd stage bootloader
I (13) boot: compile time Sep 23 2024 22:04:42
I (14) boot: Multicore bootloader
I (18) boot: chip revision: v3.0
I (22) boot.esp32: SPI Speed      : 40MHz
I (26) boot.esp32: SPI Mode       : DIO
I (31) boot.esp32: SPI Flash Size : 2MB
I (36) boot: Enabling RNG early entropy source...
I (41) boot: Partition Table:
I (45) boot: ## Label            Usage          Type ST Offset   Length
I (52) boot:  0 nvs              WiFi data        01 02 00009000 00006000
I (59) boot:  1 phy_init         RF data          01 01 0000f000 00001000
I (67) boot:  2 factory          factory app      00 00 00010000 00100000
I (74) boot: End of partition table
I (78) esp_image: segment 0: paddr=00010020 vaddr=3f400020 size=20858h (133208) map
I (135) esp_image: segment 1: paddr=00030880 vaddr=3ff80000 size=00004h (     4) load
I (135) esp_image: segment 2: paddr=0003088c vaddr=3ffb0000 size=022c0h (  8896) load
I (144) esp_image: segment 3: paddr=00032b54 vaddr=40080000 size=0d4c4h ( 54468) load
I (172) esp_image: segment 4: paddr=00040020 vaddr=400d0020 size=4b4bch (308412) map
I (284) esp_image: segment 5: paddr=0008b4e4 vaddr=4008d4c4 size=00550h (  1360) load
I (291) boot: Loaded app from partition at offset 0x10000
I (291) boot: Disabling RNG early entropy source...
I (304) cpu_start: Multicore app
I (304) cpu_start: Pro cpu up.
I (304) cpu_start: Starting app cpu, entry point is 0x40081394
0x40081394: call_start_cpu1 at /home/marcel/esp/v5.1/esp-idf/components/esp_system/port/cpu_start.c:159

I (0) cpu_start: App cpu up.
I (322) cpu_start: Pro cpu start user code
I (322) cpu_start: cpu freq: 160000000 Hz
I (322) cpu_start: Application information:
I (327) cpu_start: Project name:     camper_controller
I (333) cpu_start: App version:      d2c602c-dirty
I (338) cpu_start: Compile time:     Sep 23 2024 22:04:36
I (344) cpu_start: ELF file SHA256:  a152b11afc4fb7f3...
I (350) cpu_start: ESP-IDF:          v5.1.4-545-gcd4714dd01
I (356) cpu_start: Min chip rev:     v0.0
I (361) cpu_start: Max chip rev:     v3.99 
I (366) cpu_start: Chip rev:         v3.0
I (371) heap_init: Initializing. RAM available for dynamic allocation:
I (378) heap_init: At 3FFAE6E0 len 00001920 (6 KiB): DRAM
I (384) heap_init: At 3FFB4238 len 0002BDC8 (175 KiB): DRAM
I (390) heap_init: At 3FFE0440 len 00003AE0 (14 KiB): D/IRAM
I (396) heap_init: At 3FFE4350 len 0001BCB0 (111 KiB): D/IRAM
I (403) heap_init: At 4008DA14 len 000125EC (73 KiB): IRAM
I (411) spi_flash: detected chip: generic
I (414) spi_flash: flash io: dio
W (418) spi_flash: Detected size(4096k) larger than the size in the binary image header(2048k). Using the size in the binary image header.
I (435) app_start: Starting scheduler on CPU0
I (436) app_start: Starting scheduler on CPU1
I (436) main_task: Started on CPU0
I (446) main_task: Calling app_main()
water lvl: channel 0 enabled
setting bits: 0000
E (456) tca95xx_16: write_output_reg(108): Write output reg failed
E (456) io_expander: esp_io_expander_set_level(102): Write Output reg failed
ESP_ERROR_CHECK failed: esp_err_t 0x107 (ESP_ERR_TIMEOUT) at 0x400d7488
0x400d7488: ExtendedGPIO_Output::set_low() at /home/marcel/Code/camper_controller/main/gpio/gpio_extended.cpp:26 (discriminator 1)

file: "./main/gpio/gpio_extended.cpp" line 26
func: void ExtendedGPIO_Output::set_low()
expression: esp_io_expander_set_level(*expander_handle, num, 0)

abort() was called at PC 0x40086c27 on core 0
0x40086c27: _esp_error_check_failed at /home/marcel/esp/v5.1/esp-idf/components/esp_system/esp_err.c:50



Backtrace: 0x400819f6:0x3ffb6210 0x40086c31:0x3ffb6230 0x4008c50a:0x3ffb6250 0x40086c27:0x3ffb62c0 0x400d7488:0x3ffb62f0 0x400d74a0:0x3ffb6310 0x400d7295:0x3ffb6330 0x400d72c8:0x3ffb6360 0x400d72ee:0x3ffb6380 0x400d6e82:0x3ffb63a0 0x4011ac9f:0x3ffb6530 0x40089429:0x3ffb6560
0x400819f6: panic_abort at /home/marcel/esp/v5.1/esp-idf/components/esp_system/panic.c:466
0x40086c31: esp_system_abort at /home/marcel/esp/v5.1/esp-idf/components/esp_system/port/esp_system_chip.c:84
0x4008c50a: abort at /home/marcel/esp/v5.1/esp-idf/components/newlib/abort.c:38
0x40086c27: _esp_error_check_failed at /home/marcel/esp/v5.1/esp-idf/components/esp_system/esp_err.c:50
0x400d7488: ExtendedGPIO_Output::set_low() at /home/marcel/Code/camper_controller/main/gpio/gpio_extended.cpp:26 (discriminator 1)
0x400d74a0: ExtendedGPIO_Output::set_output(bool) at /home/marcel/Code/camper_controller/main/gpio/gpio_extended.cpp:35
0x400d7295: AnalogMultiplexer::enableChannel(unsigned long) at /home/marcel/Code/camper_controller/main/gpio/multiplexer.hpp:43
0x400d72c8: AnalogMultiplexer::enable_and_analog_read(unsigned long) at /home/marcel/Code/camper_controller/main/gpio/multiplexer.hpp:50
0x400d72ee: WaterSensor::get_current_level() at /home/marcel/Code/camper_controller/main/camper_control/camper_control.cpp:22
0x400d6e82: app_main at /home/marcel/Code/camper_controller/main/main.cpp:72
0x4011ac9f: main_task at /home/marcel/esp/v5.1/esp-idf/components/freertos/app_startup.c:208 (discriminator 13)
0x40089429: vPortTaskWrapper at /home/marcel/esp/v5.1/esp-idf/components/freertos/FreeRTOS-Kernel/portable/xtensa/port.c:162





ELF file SHA256: a152b11afc4fb7f3

Rebooting...
I (13) boot: ESP-IDF v5.1.4-545-gcd4714dd01 2nd stage bootloader
I (13) boot: compile time Sep 23 2024 22:04:42
I (13) boot: Multicore bootloader
I (18) boot: chip revision: v3.0
I (21) boot.esp32: SPI Speed      : 40MHz
I (26) boot.esp32: SPI Mode       : DIO
I (31) boot.esp32: SPI Flash Size : 2MB
I (35) boot: Enabling RNG early entropy source...
I (41) boot: Partition Table:
I (44) boot: ## Label            Usage          Type ST Offset   Length
I (51) boot:  0 nvs              WiFi data        01 02 00009000 00006000
I (59) boot:  1 phy_init         RF data          01 01 0000f000 00001000
I (66) boot:  2 factory          factory app      00 00 00010000 00100000
I (74) boot: End of partition table
I (78) esp_image: segment 0: paddr=00010020 vaddr=3f400020 size=20858h (133208) map
I (135) esp_image: segment 1: paddr=00030880 vaddr=3ff80000 size=00004h (     4) load
I (135) esp_image: segment 2: paddr=0003088c vaddr=3ffb0000 size=022c0h (  8896) load
I (144) esp_image: segment 3: paddr=00032b54 vaddr=40080000 size=0d4c4h ( 54468) load
I (172) esp_image: segment 4: paddr=00040020 vaddr=400d0020 size=4b4bch (308412) map
I (283) esp_image: segment 5: paddr=0008b4e4 vaddr=4008d4c4 size=00550h (  1360) load
I (291) boot: Loaded app from partition at offset 0x10000
I (291) boot: Disabling RNG early entropy source...
I (303) cpu_start: Multicore app
I (304) cpu_start: Pro cpu up.
I (304) cpu_start: Starting app cpu, entry point is 0x40081394
0x40081394: call_start_cpu1 at /home/marcel/esp/v5.1/esp-idf/components/esp_system/port/cpu_start.c:159

I (300) cpu_start: App cpu up.
I (322) cpu_start: Pro cpu start user code
I (322) cpu_start: cpu freq: 160000000 Hz
I (322) cpu_start: Application information:
I (326) cpu_start: Project name:     camper_controller
I (332) cpu_start: App version:      d2c602c-dirty
I (338) cpu_start: Compile time:     Sep 23 2024 22:04:36
I (344) cpu_start: ELF file SHA256:  a152b11afc4fb7f3...
I (350) cpu_start: ESP-IDF:          v5.1.4-545-gcd4714dd01
I (356) cpu_start: Min chip rev:     v0.0
I (361) cpu_start: Max chip rev:     v3.99 
I (366) cpu_start: Chip rev:         v3.0
I (371) heap_init: Initializing. RAM available for dynamic allocation:
I (378) heap_init: At 3FFAE6E0 len 00001920 (6 KiB): DRAM
I (384) heap_init: At 3FFB4238 len 0002BDC8 (175 KiB): DRAM
I (390) heap_init: At 3FFE0440 len 00003AE0 (14 KiB): D/IRAM
I (396) heap_init: At 3FFE4350 len 0001BCB0 (111 KiB): D/IRAM
I (403) heap_init: At 4008DA14 len 000125EC (73 KiB): IRAM
I (410) spi_flash: detected chip: generic
I (413) spi_flash: flash io: dio
W (417) spi_flash: Detected size(4096k) larger than the size in the binary image header(2048k). Using the size in the binary image header.
I (435) app_start: Starting scheduler on CPU0
I (436) app_start: Starting scheduler on CPU1
I (436) main_task: Started on CPU0
I (446) main_task: Calling app_main()
water lvl: channel 0 enabled
setting bits: 0000
E (456) tca95xx_16: write_output_reg(108): Write output reg failed